1
3
5
7
9
[1,9,25,49,81]
6
7
[2,4,6,8]
[{b:3,a:1},{b:1,a:3}]
