1 0 [1,3,5,7,9]
3 1 [1,3,5,7,9]
5 2 [1,3,5,7,9]
7 3 [1,3,5,7,9]
9 4 [1,3,5,7,9]
1
9
25
49
81
