nil nil true 123 str function(<anonymous>) teststr